RepeatModeler Version 2.0.7
===========================
Using output directory = /home/genomika25/studenci/artale/Project_Genomics/data/repeats_2/RM_614054.TueDec161557312025
Search Engine = rmblast 2.14.1+
Threads = 16
Dependencies: TRF 4.09, RECON 1.08, RepeatScout 1.0.7, RepeatMasker 4.2.2, RepeatAfterMe 0.0.7
LTR Structural Analysis: Enabled ( GenomeTools 1.6.4, LTR_Retriever v2.9.0,
                                   Ninja 1.00-cluster_only, MAFFT 7.471,
                                   CD-HIT 4.8.1 )
Random Number Seed: 1765897051
Database = /home/genomika25/studenci/artale/Project_Genomics/data/repeats_2/R.solani_repeats_db 
  - Sequences = 161
  - Bases = 57745292
  - N50 = 3736295
  - Contig Histogram:
  Size(bp)                                                        Count
  -----------------------------------------------------------------------
  4632805-4962671 |                                                   [ 1 ]
  4302939-4632804 |                                                   [ 1 ]
  3973073-4302938 |*                                                  [ 3 ]
  3643207-3973072 |                                                   [ 2 ]
  3313341-3643206 |                                                   [ 1 ]
  2983475-3313340 |                                                   [ 1 ]
  2653609-2983474 |                                                   [ 1 ]
  2323743-2653608 |*                                                  [ 3 ]
  1993877-2323742 |                                                   [ 2 ]
  1664011-1993876 |                                                   [ 1 ]
  1334145-1664010 |                                                   [  ]
  1004279-1334144 |                                                   [  ]
  674413-1004278  |                                                   [ 1 ]
  344547-674412   |                                                   [  ]
  14682-344547    |************************************************** [ 144 ]

Storage Throughput = excellent ( 1255.50 MB/s )


RepeatModeler Round # 1
========================
Searching for Repeats
 -- Sampling from the database...
   - Gathering up to 40000000 bp
   - Final Sample Size = 40006444 bp ( 40006444 non ambiguous )
   - Num Contigs Represented = 125
   - Sequence extraction : 00:00:03 (hh:mm:ss) Elapsed Time
 -- Running RepeatScout on the sequences...
   - RepeatScout: Running build_lmer_table ( l = 14, min = 10 )..
   - RepeatScout: Running RepeatScout.. : 532 raw families identified
   - RepeatScout: Running filtering stage.. 524 families remaining
   - RepeatScout: 00:04:15 (hh:mm:ss) Elapsed Time
   - Collecting repeat instances...
   - Refining 517 families... 00:47:12 (hh:mm:ss) Elapsed Time
   - Redundant Families and Large Satellite Filtering.. 
      : 26 satellite(s), 124 contained, found in 00:01:03 (hh:mm:ss) Elapsed Time
Family Refinement: 00:01:03 (hh:mm:ss) Elapsed Time
Round Time: 00:52:36 (hh:mm:ss) Elapsed Time : 374 families discovered.


RepeatModeler Round # 2
========================
Searching for Repeats
 -- Sampling from the database...
   - Gathering up to 10000000 bp
   - Sequence extraction : 00:00:01 (hh:mm:ss) Elapsed Time
 -- Running TRFMask on the sequence...
   - TRFMask time 00:00:09 (hh:mm:ss) Elapsed Time
 -- Masking repeats from the previous rounds...
       5069 repeats masked totaling 2442663 bp(s).
   - TE Masking time 00:00:19 (hh:mm:ss) Elapsed Time
 -- Sample Stats:
       Sample Size 10002138 bp
       Num Contigs Represented = 53
       Non ambiguous bp:
             Initial: 10002138 bp
             After Masking: 7508342 bp
             Masked: 24.93 % 
 -- Input Database Coverage: 10002138 bp out of 57745292 bp ( 17.32 % )
Sampling Time: 00:00:30 (hh:mm:ss) Elapsed Time
Running all-by-other comparisons...
  - Total Comparisons = 34716
Comparison Time: 00:03:38 (hh:mm:ss) Elapsed Time, 601346 HSPs Collected
Number of families returned by RECON: 938
Round Time: 00:04:53 (hh:mm:ss) Elapsed Time : 4 families discovered.


RepeatModeler Round # 3
========================
Searching for Repeats
 -- Sampling from the database...
   - Gathering up to 30000000 bp
   - Sequence extraction : 00:00:01 (hh:mm:ss) Elapsed Time
 -- Running TRFMask on the sequence...
   - TRFMask time 00:00:26 (hh:mm:ss) Elapsed Time
 -- Masking repeats from the previous rounds...
       13864 repeats masked totaling 7177710 bp(s).
   - TE Masking time 00:00:59 (hh:mm:ss) Elapsed Time
 -- Sample Stats:
       Sample Size 30004226 bp
       Num Contigs Represented = 95
       Non ambiguous bp:
             Initial: 30004226 bp
             After Masking: 22718964 bp
             Masked: 24.28 % 
 -- Input Database Coverage: 40006364 bp out of 57745292 bp ( 69.28 % )
Sampling Time: 00:01:28 (hh:mm:ss) Elapsed Time
Running all-by-other comparisons...
  - Total Comparisons = 306936
Comparison Time: 00:23:32 (hh:mm:ss) Elapsed Time, 4081233 HSPs Collected
Number of families returned by RECON: 3351
Round Time: 00:26:28 (hh:mm:ss) Elapsed Time : 22 families discovered.
   - Increasing sample size to include end piece now = 107743154


RepeatModeler Round # 4
========================
Searching for Repeats
 -- Sampling from the database...
   - Gathering up to 107743154 bp
   - Sequence extraction : 00:00:01 (hh:mm:ss) Elapsed Time
 -- Running TRFMask on the sequence...
   - TRFMask time 00:00:15 (hh:mm:ss) Elapsed Time
 -- Masking repeats from the previous rounds...
       8667 repeats masked totaling 4343703 bp(s).
   - TE Masking time 00:00:38 (hh:mm:ss) Elapsed Time
 -- Sample Stats:
       Sample Size 17738739 bp
       Num Contigs Represented = 68
       Non ambiguous bp:
             Initial: 17738739 bp
             After Masking: 13334626 bp
             Masked: 24.83 % 
 -- Input Database Coverage: 57745103 bp out of 57745292 bp ( 100.00 % )
Sampling Time: 00:00:55 (hh:mm:ss) Elapsed Time
Running all-by-other comparisons...
  - Total Comparisons = 107416
Comparison Time: 00:08:56 (hh:mm:ss) Elapsed Time, 1361787 HSPs Collected
Number of families returned by RECON: 1782
Round Time: 00:10:24 (hh:mm:ss) Elapsed Time : 3 families discovered.

RepeatScout/RECON discovery complete: 403 families found


LTR Structural Analysis
=======================
  -- Clustering results with previous rounds...
       - 403 RepeatScout/RECON families
       - 57 LTRPipeline families
       - Removed 32 redundant LTR families.
       - Final family count = 428
LTRPipeline Time: 00:31:02 (hh:mm:ss) Elapsed Time


#
# RepeatClassifier
#
# Version 2.0.7
# Threads: 16
# Current Working Directory: /home/genomika25/studenci/artale/Project_Genomics/data/repeats_2/RM_614054.TueDec161557312025
# Protein Library: /opt/RepeatMasker/Libraries/RepeatPeps.lib
#   - 18011 proteins
# Consensi Library: /opt/RepeatMasker/Libraries/RepeatMasker.lib
#   - 26292 consensus sequences
  - Looking for simple/tandem and low complexity sequences..
  - Looking for similarity to known repeat proteins..
  - Looking for similarity to known repeat consensi..

Classification Time: 00:02:49 (hh:mm:ss) Elapsed Time


Program Time: 02:08:12 (hh:mm:ss) Elapsed Time
