/home/genomika25/miniconda3/envs/quast/bin/quast -r ref/GCF_016906535.1_ASM1690653v1_genomic.fna -l miniasm_nanopore, miniasm_nanopore_illumina assembly/Minimap2_nanopore_SRR17331923/miniasm_nanopore_SRR17331923.fa assembly/miniasm_nanopore_SRR17331923_illumina_SRR11560048_corrected/miniasm_nanopore_SRR17331923.fa.PolcaCorrected.fa

Version: 5.0.2

System information:
  OS: Linux-6.8.0-87-generic-x86_64-with-debian-trixie-sid (linux_64)
  Python version: 3.6.13
  CPUs number: 64

Started: 2025-11-19 15:58:09

Logging to /home/genomika25/studenci/artale/Project_Genomics/data/quast_results/results_2025_11_19_15_58_09/quast.log
NOTICE: Maximum number of threads is set to 16 (use --threads option to set it manually)

CWD: /home/genomika25/studenci/artale/Project_Genomics/data
Main parameters: 
  MODE: default, threads: 16, minimum contig length: 500, minimum alignment length: 65, \
  ambiguity: one, threshold for extensive misassembly size: 1000

Reference:
  /home/genomika25/studenci/artale/Project_Genomics/data/ref/GCF_016906535.1_ASM1690653v1_genomic.fna ==> GCF_016906535.1_ASM1690653v1_genomic

Contigs:
  Pre-processing...
  1  assembly/Minimap2_nanopore_SRR17331923/miniasm_nanopore_SRR17331923.fa ==> miniasm_nanopore
  2  assembly/miniasm_nanopore_SRR17331923_illumina_SRR11560048_corrected/miniasm_nanopore_SRR17331923.fa.PolcaCorrected.fa ==> miniasm_nanopore_illumina

2025-11-19 15:58:13
Running Basic statistics processor...
  Reference genome:
    GCF_016906535.1_ASM1690653v1_genomic.fna, length = 40703773, num fragments = 16, GC % = 47.63
  Contig files: 
    1  miniasm_nanopore
    2  miniasm_nanopore_illumina
  Calculating N50 and L50...
    1  miniasm_nanopore, N50 = 183020, L50 = 68, Total length = 65527457, GC % = 48.80, # N's per 100 kbp =  0.00
    2  miniasm_nanopore_illumina, N50 = 183053, L50 = 68, Total length = 65529296, GC % = 48.81, # N's per 100 kbp =  0.00
  Drawing Nx plot...
    saved to /home/genomika25/studenci/artale/Project_Genomics/data/quast_results/results_2025_11_19_15_58_09/basic_stats/Nx_plot.pdf
  Drawing NGx plot...
    saved to /home/genomika25/studenci/artale/Project_Genomics/data/quast_results/results_2025_11_19_15_58_09/basic_stats/NGx_plot.pdf
  Drawing cumulative plot...
    saved to /home/genomika25/studenci/artale/Project_Genomics/data/quast_results/results_2025_11_19_15_58_09/basic_stats/cumulative_plot.pdf
  Drawing GC content plot...
    saved to /home/genomika25/studenci/artale/Project_Genomics/data/quast_results/results_2025_11_19_15_58_09/basic_stats/GC_content_plot.pdf
  Drawing miniasm_nanopore GC content plot...
    saved to /home/genomika25/studenci/artale/Project_Genomics/data/quast_results/results_2025_11_19_15_58_09/basic_stats/miniasm_nanopore_GC_content_plot.pdf
  Drawing miniasm_nanopore_illumina GC content plot...
    saved to /home/genomika25/studenci/artale/Project_Genomics/data/quast_results/results_2025_11_19_15_58_09/basic_stats/miniasm_nanopore_illumina_GC_content_plot.pdf
Done.

2025-11-19 15:58:22
Running Contig analyzer...
  1  miniasm_nanopore
  2  miniasm_nanopore_illumina
  1  Logging to files /home/genomika25/studenci/artale/Project_Genomics/data/quast_results/results_2025_11_19_15_58_09/contigs_reports/contigs_report_miniasm_nanopore.stdout and contigs_report_miniasm_nanopore.stderr...
  2  Logging to files /home/genomika25/studenci/artale/Project_Genomics/data/quast_results/results_2025_11_19_15_58_09/contigs_reports/contigs_report_miniasm_nanopore_illumina.stdout and contigs_report_miniasm_nanopore_illumina.stderr...
  1  Aligning contigs to the reference
  2  Aligning contigs to the reference
  1  /home/genomika25/miniconda3/envs/quast/lib/python3.6/site-packages/quast_libs/minimap2/minimap2 \
     -c -x asm5 -B5 -O4,16 --no-long-join -r 85 -N 50 -s 65 -z 200 --mask-level 0.9 \
     --min-occ 200 -g 2500 --score-N 2 --cs -t 8 quast_results/results_2025_11_19_15_58_09/quast_corrected_input/GCF_016906535.1_ASM1690653v1_genomic.fna \
     quast_results/results_2025_11_19_15_58_09/quast_corrected_input/miniasm_nanopore.fa \
     > quast_results/results_2025_11_19_15_58_09/contigs_reports/minimap_output/miniasm_nanopore.coords_tmp \
     2>> quast_results/results_2025_11_19_15_58_09/contigs_reports/contigs_report_miniasm_nanopore.stderr
  2  /home/genomika25/miniconda3/envs/quast/lib/python3.6/site-packages/quast_libs/minimap2/minimap2 \
     -c -x asm5 -B5 -O4,16 --no-long-join -r 85 -N 50 -s 65 -z 200 --mask-level 0.9 \
     --min-occ 200 -g 2500 --score-N 2 --cs -t 8 quast_results/results_2025_11_19_15_58_09/quast_corrected_input/GCF_016906535.1_ASM1690653v1_genomic.fna \
     quast_results/results_2025_11_19_15_58_09/quast_corrected_input/miniasm_nanopore_illumina.fa \
     > quast_results/results_2025_11_19_15_58_09/contigs_reports/minimap_output/miniasm_nanopore_illumina.coords_tmp \
     2>> quast_results/results_2025_11_19_15_58_09/contigs_reports/contigs_report_miniasm_nanopore_illumina.stderr
  1  Analysis is finished.

  2  Analysis is finished.

  Creating total report...
    saved to /home/genomika25/studenci/artale/Project_Genomics/data/quast_results/results_2025_11_19_15_58_09/contigs_reports/misassemblies_report.txt, misassemblies_report.tsv, and misassemblies_report.tex
  Transposed version of total report...
    saved to /home/genomika25/studenci/artale/Project_Genomics/data/quast_results/results_2025_11_19_15_58_09/contigs_reports/transposed_report_misassemblies.txt, transposed_report_misassemblies.tsv, and transposed_report_misassemblies.tex
  Creating total report...
    saved to /home/genomika25/studenci/artale/Project_Genomics/data/quast_results/results_2025_11_19_15_58_09/contigs_reports/unaligned_report.txt, unaligned_report.tsv, and unaligned_report.tex
  Drawing misassemblies by types plot...
    saved to /home/genomika25/studenci/artale/Project_Genomics/data/quast_results/results_2025_11_19_15_58_09/contigs_reports/misassemblies_plot.pdf
  Drawing misassemblies FRCurve plot...
    saved to /home/genomika25/studenci/artale/Project_Genomics/data/quast_results/results_2025_11_19_15_58_09/contigs_reports/misassemblies_frcurve_plot.pdf
Done.

2025-11-19 16:04:31
Running NA-NGA calculation...
  1  miniasm_nanopore, Largest alignment = 1083, NA50 = None, LA50 = None
  2  miniasm_nanopore_illumina, Largest alignment = 6644, NA50 = None, LA50 = None
  Drawing cumulative plot...
    saved to /home/genomika25/studenci/artale/Project_Genomics/data/quast_results/results_2025_11_19_15_58_09/aligned_stats/cumulative_plot.pdf
  Drawing NAx plot...
    saved to /home/genomika25/studenci/artale/Project_Genomics/data/quast_results/results_2025_11_19_15_58_09/aligned_stats/NAx_plot.pdf
  Drawing NGAx plot...
    saved to /home/genomika25/studenci/artale/Project_Genomics/data/quast_results/results_2025_11_19_15_58_09/aligned_stats/NGAx_plot.pdf
Done.

2025-11-19 16:04:33
Running Genome analyzer...
  NOTICE: No file with genomic features were provided. Use the --features option if you want to specify it.

  NOTICE: No file with operons were provided. Use the -O option if you want to specify it.
  1  miniasm_nanopore
  2  miniasm_nanopore_illumina
  1  Analysis is finished.
  2  Analysis is finished.
  Drawing Genome fraction, % histogram...
    saved to /home/genomika25/studenci/artale/Project_Genomics/data/quast_results/results_2025_11_19_15_58_09/genome_stats/genome_fraction_histogram.pdf
Done.

NOTICE: Genes are not predicted by default. Use --gene-finding or --glimmer option to enable it.

2025-11-19 16:04:42
Creating large visual summaries...
This may take a while: press Ctrl-C to skip this step..
  1 of 2: Creating Icarus viewers...
  2 of 2: Creating PDF with all tables and plots...
Done

2025-11-19 16:04:46
RESULTS:
  Text versions of total report are saved to /home/genomika25/studenci/artale/Project_Genomics/data/quast_results/results_2025_11_19_15_58_09/report.txt, report.tsv, and report.tex
  Text versions of transposed total report are saved to /home/genomika25/studenci/artale/Project_Genomics/data/quast_results/results_2025_11_19_15_58_09/transposed_report.txt, transposed_report.tsv, and transposed_report.tex
  HTML version (interactive tables and plots) is saved to /home/genomika25/studenci/artale/Project_Genomics/data/quast_results/results_2025_11_19_15_58_09/report.html
  PDF version (tables and plots) is saved to /home/genomika25/studenci/artale/Project_Genomics/data/quast_results/results_2025_11_19_15_58_09/report.pdf
  Icarus (contig browser) is saved to /home/genomika25/studenci/artale/Project_Genomics/data/quast_results/results_2025_11_19_15_58_09/icarus.html
  Log is saved to /home/genomika25/studenci/artale/Project_Genomics/data/quast_results/results_2025_11_19_15_58_09/quast.log

Finished: 2025-11-19 16:04:46
Elapsed time: 0:06:36.669872
NOTICEs: 4; WARNINGs: 0; non-fatal ERRORs: 0

Thank you for using QUAST!
