/home/genomika25/miniconda3/envs/quast/bin/quast -r ref/GCF_016906535.1_ASM1690653v1_genomic.fna -l spades_illumina_pe, smart_nanopore, smart_hifi, miniasm_nanopore, miniasm_hifi assembly/spades_illumina_SRR11560048_pe/scaffolds.fasta assembly/SMARTdenovo_nanopore_SRR17331923/SMARTdenovo_nanopore_SRR17331923.dmo.cns assembly/SMARTdenovo_HIFI_SRR11560043/SMARTdenovo_HIFI_SRR11560043.dmo.cns assembly/Minimap2_nanopore_SRR17331923/miniasm_nanopore_SRR17331923.fa assembly/Minimap2_HIFI_SRR11560043/miniasm_HIFI_SRR11560043.fa

Version: 5.0.2

System information:
  OS: Linux-6.8.0-87-generic-x86_64-with-debian-trixie-sid (linux_64)
  Python version: 3.6.13
  CPUs number: 64

Started: 2025-11-18 17:11:48

Logging to /home/genomika25/studenci/artale/Project_Genomics/data/quast_results/results_2025_11_18_17_11_48/quast.log
NOTICE: Maximum number of threads is set to 16 (use --threads option to set it manually)

CWD: /home/genomika25/studenci/artale/Project_Genomics/data
Main parameters: 
  MODE: default, threads: 16, minimum contig length: 500, minimum alignment length: 65, \
  ambiguity: one, threshold for extensive misassembly size: 1000

Reference:
  /home/genomika25/studenci/artale/Project_Genomics/data/ref/GCF_016906535.1_ASM1690653v1_genomic.fna ==> GCF_016906535.1_ASM1690653v1_genomic

Contigs:
  Pre-processing...
  1  assembly/spades_illumina_SRR11560048_pe/scaffolds.fasta ==> spades_illumina_pe
  2  assembly/SMARTdenovo_nanopore_SRR17331923/SMARTdenovo_nanopore_SRR17331923.dmo.cns ==> smart_nanopore
  3  assembly/SMARTdenovo_HIFI_SRR11560043/SMARTdenovo_HIFI_SRR11560043.dmo.cns ==> smart_hifi
  4  assembly/Minimap2_nanopore_SRR17331923/miniasm_nanopore_SRR17331923.fa ==> miniasm_nanopore
  5  assembly/Minimap2_HIFI_SRR11560043/miniasm_HIFI_SRR11560043.fa ==> miniasm_hifi

2025-11-18 17:11:53
Running Basic statistics processor...
  Reference genome:
    GCF_016906535.1_ASM1690653v1_genomic.fna, length = 40703773, num fragments = 16, GC % = 47.63
  Contig files: 
    1  spades_illumina_pe
    2  smart_nanopore
    3  smart_hifi
    4  miniasm_nanopore
    5  miniasm_hifi
  Calculating N50 and L50...
    1  spades_illumina_pe, N50 = 2945, L50 = 2913, Total length = 34172975, GC % = 47.66, # N's per 100 kbp =  658.24
    2  smart_nanopore, N50 = 794686, L50 = 18, Total length = 65586891, GC % = 50.22, # N's per 100 kbp =  0.00
    3  smart_hifi, N50 = 761856, L50 = 19, Total length = 52432191, GC % = 47.32, # N's per 100 kbp =  0.00
    4  miniasm_nanopore, N50 = 183020, L50 = 68, Total length = 65527457, GC % = 48.80, # N's per 100 kbp =  0.00
    5  miniasm_hifi, N50 = 117368, L50 = 178, Total length = 79841692, GC % = 47.10, # N's per 100 kbp =  0.00
  Drawing Nx plot...
    saved to /home/genomika25/studenci/artale/Project_Genomics/data/quast_results/results_2025_11_18_17_11_48/basic_stats/Nx_plot.pdf
  Drawing NGx plot...
    saved to /home/genomika25/studenci/artale/Project_Genomics/data/quast_results/results_2025_11_18_17_11_48/basic_stats/NGx_plot.pdf
  Drawing cumulative plot...
    saved to /home/genomika25/studenci/artale/Project_Genomics/data/quast_results/results_2025_11_18_17_11_48/basic_stats/cumulative_plot.pdf
  Drawing GC content plot...
    saved to /home/genomika25/studenci/artale/Project_Genomics/data/quast_results/results_2025_11_18_17_11_48/basic_stats/GC_content_plot.pdf
  Drawing spades_illumina_pe GC content plot...
    saved to /home/genomika25/studenci/artale/Project_Genomics/data/quast_results/results_2025_11_18_17_11_48/basic_stats/spades_illumina_pe_GC_content_plot.pdf
  Drawing smart_nanopore GC content plot...
    saved to /home/genomika25/studenci/artale/Project_Genomics/data/quast_results/results_2025_11_18_17_11_48/basic_stats/smart_nanopore_GC_content_plot.pdf
  Drawing smart_hifi GC content plot...
    saved to /home/genomika25/studenci/artale/Project_Genomics/data/quast_results/results_2025_11_18_17_11_48/basic_stats/smart_hifi_GC_content_plot.pdf
  Drawing miniasm_nanopore GC content plot...
    saved to /home/genomika25/studenci/artale/Project_Genomics/data/quast_results/results_2025_11_18_17_11_48/basic_stats/miniasm_nanopore_GC_content_plot.pdf
  Drawing miniasm_hifi GC content plot...
    saved to /home/genomika25/studenci/artale/Project_Genomics/data/quast_results/results_2025_11_18_17_11_48/basic_stats/miniasm_hifi_GC_content_plot.pdf
  Drawing Coverage histogram (bin size: 1x)...
    saved to /home/genomika25/studenci/artale/Project_Genomics/data/quast_results/results_2025_11_18_17_11_48/basic_stats/coverage_histogram.pdf
  Drawing spades_illumina_pe coverage histogram (bin size: 1x)...
    saved to /home/genomika25/studenci/artale/Project_Genomics/data/quast_results/results_2025_11_18_17_11_48/basic_stats/spades_illumina_pe_coverage_histogram.pdf
Done.

2025-11-18 17:12:15
Running Contig analyzer...
  1  spades_illumina_pe
  2  smart_nanopore
  1  Logging to files /home/genomika25/studenci/artale/Project_Genomics/data/quast_results/results_2025_11_18_17_11_48/contigs_reports/contigs_report_spades_illumina_pe.stdout and contigs_report_spades_illumina_pe.stderr...
  3  smart_hifi
  2  Logging to files /home/genomika25/studenci/artale/Project_Genomics/data/quast_results/results_2025_11_18_17_11_48/contigs_reports/contigs_report_smart_nanopore.stdout and contigs_report_smart_nanopore.stderr...
  1  Aligning contigs to the reference
  3  Logging to files /home/genomika25/studenci/artale/Project_Genomics/data/quast_results/results_2025_11_18_17_11_48/contigs_reports/contigs_report_smart_hifi.stdout and contigs_report_smart_hifi.stderr...
  2  Aligning contigs to the reference
  3  Aligning contigs to the reference
  4  miniasm_nanopore
  5  miniasm_hifi
  4  Logging to files /home/genomika25/studenci/artale/Project_Genomics/data/quast_results/results_2025_11_18_17_11_48/contigs_reports/contigs_report_miniasm_nanopore.stdout and contigs_report_miniasm_nanopore.stderr...
  5  Logging to files /home/genomika25/studenci/artale/Project_Genomics/data/quast_results/results_2025_11_18_17_11_48/contigs_reports/contigs_report_miniasm_hifi.stdout and contigs_report_miniasm_hifi.stderr...
  4  Aligning contigs to the reference
  5  Aligning contigs to the reference
  2  /home/genomika25/miniconda3/envs/quast/lib/python3.6/site-packages/quast_libs/minimap2/minimap2 \
     -c -x asm5 -B5 -O4,16 --no-long-join -r 85 -N 50 -s 65 -z 200 --mask-level 0.9 \
     --min-occ 200 -g 2500 --score-N 2 --cs -t 3 quast_results/results_2025_11_18_17_11_48/quast_corrected_input/GCF_016906535.1_ASM1690653v1_genomic.fna \
     quast_results/results_2025_11_18_17_11_48/quast_corrected_input/smart_nanopore \
     > quast_results/results_2025_11_18_17_11_48/contigs_reports/minimap_output/smart_nanopore.coords_tmp \
     2>> quast_results/results_2025_11_18_17_11_48/contigs_reports/contigs_report_smart_nanopore.stderr
  3  /home/genomika25/miniconda3/envs/quast/lib/python3.6/site-packages/quast_libs/minimap2/minimap2 \
     -c -x asm5 -B5 -O4,16 --no-long-join -r 85 -N 50 -s 65 -z 200 --mask-level 0.9 \
     --min-occ 200 -g 2500 --score-N 2 --cs -t 3 quast_results/results_2025_11_18_17_11_48/quast_corrected_input/GCF_016906535.1_ASM1690653v1_genomic.fna \
     quast_results/results_2025_11_18_17_11_48/quast_corrected_input/smart_hifi > \
     quast_results/results_2025_11_18_17_11_48/contigs_reports/minimap_output/smart_hifi.coords_tmp \
     2>> quast_results/results_2025_11_18_17_11_48/contigs_reports/contigs_report_smart_hifi.stderr
  1  /home/genomika25/miniconda3/envs/quast/lib/python3.6/site-packages/quast_libs/minimap2/minimap2 \
     -c -x asm5 -B5 -O4,16 --no-long-join -r 85 -N 50 -s 65 -z 200 --mask-level 0.9 \
     --min-occ 200 -g 2500 --score-N 2 --cs -t 3 quast_results/results_2025_11_18_17_11_48/quast_corrected_input/GCF_016906535.1_ASM1690653v1_genomic.fna \
     quast_results/results_2025_11_18_17_11_48/quast_corrected_input/spades_illumina_pe.fasta \
     > quast_results/results_2025_11_18_17_11_48/contigs_reports/minimap_output/spades_illumina_pe.coords_tmp \
     2>> quast_results/results_2025_11_18_17_11_48/contigs_reports/contigs_report_spades_illumina_pe.stderr
  5  /home/genomika25/miniconda3/envs/quast/lib/python3.6/site-packages/quast_libs/minimap2/minimap2 \
     -c -x asm5 -B5 -O4,16 --no-long-join -r 85 -N 50 -s 65 -z 200 --mask-level 0.9 \
     --min-occ 200 -g 2500 --score-N 2 --cs -t 3 quast_results/results_2025_11_18_17_11_48/quast_corrected_input/GCF_016906535.1_ASM1690653v1_genomic.fna \
     quast_results/results_2025_11_18_17_11_48/quast_corrected_input/miniasm_hifi.fa \
     > quast_results/results_2025_11_18_17_11_48/contigs_reports/minimap_output/miniasm_hifi.coords_tmp \
     2>> quast_results/results_2025_11_18_17_11_48/contigs_reports/contigs_report_miniasm_hifi.stderr
  4  /home/genomika25/miniconda3/envs/quast/lib/python3.6/site-packages/quast_libs/minimap2/minimap2 \
     -c -x asm5 -B5 -O4,16 --no-long-join -r 85 -N 50 -s 65 -z 200 --mask-level 0.9 \
     --min-occ 200 -g 2500 --score-N 2 --cs -t 3 quast_results/results_2025_11_18_17_11_48/quast_corrected_input/GCF_016906535.1_ASM1690653v1_genomic.fna \
     quast_results/results_2025_11_18_17_11_48/quast_corrected_input/miniasm_nanopore.fa \
     > quast_results/results_2025_11_18_17_11_48/contigs_reports/minimap_output/miniasm_nanopore.coords_tmp \
     2>> quast_results/results_2025_11_18_17_11_48/contigs_reports/contigs_report_miniasm_nanopore.stderr
  4  Analysis is finished.

  2  Analysis is finished.

  1  Analysis is finished.

  3  Analysis is finished.

  5  Analysis is finished.

  Creating total report...
    saved to /home/genomika25/studenci/artale/Project_Genomics/data/quast_results/results_2025_11_18_17_11_48/contigs_reports/misassemblies_report.txt, misassemblies_report.tsv, and misassemblies_report.tex
  Transposed version of total report...
    saved to /home/genomika25/studenci/artale/Project_Genomics/data/quast_results/results_2025_11_18_17_11_48/contigs_reports/transposed_report_misassemblies.txt, transposed_report_misassemblies.tsv, and transposed_report_misassemblies.tex
  Creating total report...
    saved to /home/genomika25/studenci/artale/Project_Genomics/data/quast_results/results_2025_11_18_17_11_48/contigs_reports/unaligned_report.txt, unaligned_report.tsv, and unaligned_report.tex
  Drawing misassemblies by types plot...
    saved to /home/genomika25/studenci/artale/Project_Genomics/data/quast_results/results_2025_11_18_17_11_48/contigs_reports/misassemblies_plot.pdf
  Drawing misassemblies FRCurve plot...
    saved to /home/genomika25/studenci/artale/Project_Genomics/data/quast_results/results_2025_11_18_17_11_48/contigs_reports/misassemblies_frcurve_plot.pdf
Done.

2025-11-18 17:13:59
Running NA-NGA calculation...
  1  spades_illumina_pe, Largest alignment = 50335, NA50 = 2097, NGA50 = 1464, LA50 = 3665, LGA50 = 5534
  2  smart_nanopore, Largest alignment = 6636, NA50 = None, LA50 = None
  3  smart_hifi, Largest alignment = 1455867, NA50 = 166578, NGA50 = 260749, LA50 = 70, LGA50 = 42
  4  miniasm_nanopore, Largest alignment = 1083, NA50 = None, LA50 = None
  5  miniasm_hifi, Largest alignment = 203, NA50 = None, LA50 = None
  Drawing cumulative plot...
    saved to /home/genomika25/studenci/artale/Project_Genomics/data/quast_results/results_2025_11_18_17_11_48/aligned_stats/cumulative_plot.pdf
  Drawing NAx plot...
    saved to /home/genomika25/studenci/artale/Project_Genomics/data/quast_results/results_2025_11_18_17_11_48/aligned_stats/NAx_plot.pdf
  Drawing NGAx plot...
    saved to /home/genomika25/studenci/artale/Project_Genomics/data/quast_results/results_2025_11_18_17_11_48/aligned_stats/NGAx_plot.pdf
Done.

2025-11-18 17:14:03
Running Genome analyzer...
  NOTICE: No file with genomic features were provided. Use the --features option if you want to specify it.

  NOTICE: No file with operons were provided. Use the -O option if you want to specify it.
  1  spades_illumina_pe
  2  smart_nanopore
  4  miniasm_nanopore
  3  smart_hifi
  5  miniasm_hifi
  2  Analysis is finished.
  4  Analysis is finished.
  5  Analysis is finished.
  1  Analysis is finished.
  3  Analysis is finished.
  Drawing Genome fraction, % histogram...
    saved to /home/genomika25/studenci/artale/Project_Genomics/data/quast_results/results_2025_11_18_17_11_48/genome_stats/genome_fraction_histogram.pdf
Done.

NOTICE: Genes are not predicted by default. Use --gene-finding or --glimmer option to enable it.

2025-11-18 17:14:15
Creating large visual summaries...
This may take a while: press Ctrl-C to skip this step..
  1 of 2: Creating Icarus viewers...
  2 of 2: Creating PDF with all tables and plots...
Done

2025-11-18 17:14:42
RESULTS:
  Text versions of total report are saved to /home/genomika25/studenci/artale/Project_Genomics/data/quast_results/results_2025_11_18_17_11_48/report.txt, report.tsv, and report.tex
  Text versions of transposed total report are saved to /home/genomika25/studenci/artale/Project_Genomics/data/quast_results/results_2025_11_18_17_11_48/transposed_report.txt, transposed_report.tsv, and transposed_report.tex
  HTML version (interactive tables and plots) is saved to /home/genomika25/studenci/artale/Project_Genomics/data/quast_results/results_2025_11_18_17_11_48/report.html
  PDF version (tables and plots) is saved to /home/genomika25/studenci/artale/Project_Genomics/data/quast_results/results_2025_11_18_17_11_48/report.pdf
  Icarus (contig browser) is saved to /home/genomika25/studenci/artale/Project_Genomics/data/quast_results/results_2025_11_18_17_11_48/icarus.html
  Log is saved to /home/genomika25/studenci/artale/Project_Genomics/data/quast_results/results_2025_11_18_17_11_48/quast.log

Finished: 2025-11-18 17:14:42
Elapsed time: 0:02:53.510523
NOTICEs: 4; WARNINGs: 0; non-fatal ERRORs: 0

Thank you for using QUAST!
