                            12/23/2025 at 12h47m03s                             


 ------------------------------------------------------------------------------
|   Another GFF Analysis Toolkit (AGAT) - Version: v1.5.1                      |
|   https://github.com/NBISweden/AGAT                                          |
|   National Bioinformatics Infrastructure Sweden (NBIS) - www.nbis.se         |
 ------------------------------------------------------------------------------
                                        
                                       
                          ------ Start parsing ------                           
-------------------------- parse options and metadata --------------------------
=> Accessing the feature_levels YAML file
Using standard /home/genomika25/miniconda3/envs/artale/lib/perl5/site_perl/auto/share/dist/AGAT/feature_levels.yaml file
=> Attribute used to group features when no Parent/ID relationship exists (i.e common tag):
	* locus_tag
	* gene_id
=> merge_loci option deactivated
=> Machine information:
	This script is being run by perl v5.32.1
	Bioperl location being used: /home/genomika25/miniconda3/envs/artale/lib/perl5/site_perl/Bio/
	Operating system being used: linux 
=> Accessing Ontology
	No ontology accessible from the gff file header!
	We use the SOFA ontology distributed with AGAT:
		/home/genomika25/miniconda3/envs/artale/lib/perl5/site_perl/auto/share/dist/AGAT/so.obo
	Read ontology /home/genomika25/miniconda3/envs/artale/lib/perl5/site_perl/auto/share/dist/AGAT/so.obo:
		4 root terms, and 2596 total terms, and 1516 leaf terms
	Filtering ontology:
The feature type (3rd column) is constrained to be either a term from the Sequence Ontology or an SO accession number. The latter alternative is distinguished using the syntax SO:000000. In either case, it must be sequence_feature (SO:0000110) or an is_a child of it.
We filter the ontology to apply this rule.		We found 1861 terms that are sequence_feature or is_a child of it.
--------------------------------- parsing file ---------------------------------
=> Number of line in file: 302711
=> Number of comment lines: 0
=> Fasta included: No
=> Number of features lines: 302711
=> Number of feature type (3rd column): 8
	* Level1: 1 => gene
	* level2: 2 => transcript mRNA
	* level3: 5 => intron stop_codon exon CDS start_codon
	* unknown: 0 => 
There is a problem we found several formats in this file: 1,2
Let's see what we can do...
=> Version of the Bioperl GFF parser selected by AGAT: 2
WARNING level2: No Parent attribute found @ for the feature: ptg000001lc1-3711849	AUGUSTUS	transcript	59923	62835	1	-	.	ID "g1.t1" 
WARNING gff3 reader: Hmmm, be aware that your feature doesn't contain any Parent and locus tag. No worries, we will handle it by considering it as strictly sequential. If you disagree, please provide an ID or a comon tag by locus. @ the feature is:
ptg000001lc1-3711849	AUGUSTUS	transcript	59923	62835	1	-	.	ID "g1.t1" 
WARNING level2: No Parent attribute found @ for the feature: ptg000001lc1-3711849	AUGUSTUS	transcript	63840	64090	0.96	-	.	ID "g2.t1" 
WARNING gff3 reader: Hmmm, be aware that your feature doesn't contain any Parent and locus tag. No worries, we will handle it by considering it as strictly sequential. If you disagree, please provide an ID or a comon tag by locus. @ the feature is:
ptg000001lc1-3711849	AUGUSTUS	transcript	63840	64090	0.96	-	.	ID "g2.t1" 
WARNING level2: No Parent attribute found @ for the feature: ptg000001lc1-3711849	AUGUSTUS	transcript	68730	72673	0.98	+	.	ID "g3.t1" 
WARNING gff3 reader: Hmmm, be aware that your feature doesn't contain any Parent and locus tag. No worries, we will handle it by considering it as strictly sequential. If you disagree, please provide an ID or a comon tag by locus. @ the feature is:
ptg000001lc1-3711849	AUGUSTUS	transcript	68730	72673	0.98	+	.	ID "g3.t1" 
WARNING level2: No Parent attribute found @ for the feature: ptg000001lc1-3711849	AUGUSTUS	transcript	73229	73753	0.79	+	.	ID "g4.t1" 
WARNING gff3 reader: Hmmm, be aware that your feature doesn't contain any Parent and locus tag. No worries, we will handle it by considering it as strictly sequential. If you disagree, please provide an ID or a comon tag by locus. @ the feature is:
ptg000001lc1-3711849	AUGUSTUS	transcript	73229	73753	0.79	+	.	ID "g4.t1" 
WARNING level2: No Parent attribute found @ for the feature: ptg000001lc1-3711849	gmst	transcript	73388	73753	.	+	.	ID "g4.t2" 
WARNING gff3 reader: Hmmm, be aware that your feature doesn't contain any Parent and locus tag. No worries, we will handle it by considering it as strictly sequential. If you disagree, please provide an ID or a comon tag by locus. @ the feature is:
ptg000001lc1-3711849	gmst	transcript	73388	73753	.	+	.	ID "g4.t2" 
WARNING level2: No Parent attribute found @ for the feature: ptg000001lc1-3711849	AUGUSTUS	transcript	76762	78679	1	-	.	ID "g5.t1" 
WARNING gff3 reader: Hmmm, be aware that your feature doesn't contain any Parent and locus tag. No worries, we will handle it by considering it as strictly sequential. If you disagree, please provide an ID or a comon tag by locus. @ the feature is:
ptg000001lc1-3711849	AUGUSTUS	transcript	76762	78679	1	-	.	ID "g5.t1" 
WARNING level2: No Parent attribute found @ for the feature: ptg000001lc1-3711849	gmst	transcript	76762	78679	.	-	.	ID "g5.t2" 
WARNING gff3 reader: Hmmm, be aware that your feature doesn't contain any Parent and locus tag. No worries, we will handle it by considering it as strictly sequential. If you disagree, please provide an ID or a comon tag by locus. @ the feature is:
ptg000001lc1-3711849	gmst	transcript	76762	78679	.	-	.	ID "g5.t2" 
WARNING level2: No Parent attribute found @ for the feature: ptg000001lc1-3711849	AUGUSTUS	transcript	82757	83247	0.99	-	.	ID "g6.t1" 
WARNING gff3 reader: Hmmm, be aware that your feature doesn't contain any Parent and locus tag. No worries, we will handle it by considering it as strictly sequential. If you disagree, please provide an ID or a comon tag by locus. @ the feature is:
ptg000001lc1-3711849	AUGUSTUS	transcript	82757	83247	0.99	-	.	ID "g6.t1" 
WARNING level2: No Parent attribute found @ for the feature: ptg000001lc1-3711849	AUGUSTUS	transcript	90013	93837	0.98	-	.	ID "g7.t1" 
WARNING gff3 reader: Hmmm, be aware that your feature doesn't contain any Parent and locus tag. No worries, we will handle it by considering it as strictly sequential. If you disagree, please provide an ID or a comon tag by locus. @ the feature is:
ptg000001lc1-3711849	AUGUSTUS	transcript	90013	93837	0.98	-	.	ID "g7.t1" 
WARNING level2: No Parent attribute found @ for the feature: ptg000001lc1-3711849	AUGUSTUS	transcript	96631	97131	1	-	.	ID "g8.t1" 
WARNING level2: No Parent attribute found  ************** Too much WARNING message we skip the next **************
WARNING gff3 reader: Hmmm, be aware that your feature doesn't contain any Parent and locus tag. No worries, we will handle it by considering it as strictly sequential. If you disagree, please provide an ID or a comon tag by locus. @ the feature is:
ptg000001lc1-3711849	AUGUSTUS	transcript	96631	97131	1	-	.	ID "g8.t1" 
WARNING gff3 reader: Hmmm, be aware that your feature doesn't contain any Parent and locus tag. No worries, we will handle it by considering it as strictly sequential. If you disagree, please provide an ID or a comon tag by locus.  ************** Too much WARNING message we skip the next **************

13312 warning messages: WARNING gff3 reader: Hmmm, be aware that your feature doesn't contain any Parent and locus tag. No worries, we will handle it by considering it as strictly sequential. If you disagree, please provide an ID or a comon tag by locus. 
13312 warning messages: WARNING level2: No Parent attribute found 
                  ------ End parsing (done in 49 second) ------                 


                           ------ Start checks ------                           
---------------------------- Check1: feature types -----------------------------
----------------------------------- ontology -----------------------------------
All feature types in agreement with the Ontology.
------------------------------------- agat -------------------------------------
AGAT can deal with all the encountered feature types (3rd column)
------------------------------ done in 0 seconds -------------------------------

------------------------------ Check2: duplicates ------------------------------
None found
------------------------------ done in 0 seconds -------------------------------

-------------------------- Check3: sequential bucket ---------------------------
Nothing to check as sequential bucket!
------------------------------ done in 0 seconds -------------------------------

--------------------------- Check4: l2 linked to l3 ----------------------------
No problem found
------------------------------ done in 0 seconds -------------------------------

--------------------------- Check5: l1 linked to l2 ----------------------------
No problem found
------------------------------ done in 0 seconds -------------------------------

--------------------------- Check6: remove orphan l1 ---------------------------
We remove only those not supposed to be orphan
None found
------------------------------ done in 0 seconds -------------------------------

------------------------- Check7: all level3 locations -------------------------
------------------------------ done in 5 seconds -------------------------------

------------------------------ Check8: check cds -------------------------------
No problem found
------------------------------ done in 1 seconds -------------------------------

----------------------------- Check9: check exons ------------------------------
No exons created
No exons locations modified
No supernumerary exons removed
No level2 locations modified
------------------------------ done in 2 seconds -------------------------------

----------------------------- Check10: check utrs ------------------------------
No UTRs created
No UTRs locations modified
No supernumerary UTRs removed
------------------------------ done in 2 seconds -------------------------------

------------------------ Check11: all level2 locations -------------------------
No problem found
------------------------------ done in 3 seconds -------------------------------

------------------------ Check12: all level1 locations -------------------------
No problem found
------------------------------ done in 1 seconds -------------------------------

---------------------- Check13: remove identical isoforms ----------------------
None found
------------------------------ done in 0 seconds -------------------------------
                  ------ End checks (done in 14 second) ------                  


