/home/genomika25/miniconda3/envs/quast/bin/quast -r ref/GCF_016906535.1_ASM1690653v1_genomic.fna -l correctred, cor_scaffolded, cor_scaf_samba assembly/CORRECTED_Masurca_Hifiasm_HIFI_SRR34390379_HIC_SRR34411203/hifiasm_HIFI_SRR34390379_HIC_SRR34411203.hic.p_ctg.fa.PolcaCorrected.fa assembly/Scaffolded_CORRECTED_Masurca_Hifiasm_HIFI_SRR34390379_HIC_SRR34411203/GCF_016906535.1_ASM1690653v1_genomic.fna.hifiasm_HIFI_SRR34390379_HIC_SRR34411203.hic.p_ctg.fa.PolcaCorrected.fa.split.reconciled.fa assembly/Samba_Scaffolded_CORRECTED_Masurca_Hifiasm_HIFI_SRR34390379_HIC_SRR34411203/GCF_016906535.1_ASM1690653v1_genomic.fna.hifiasm_HIFI_SRR34390379_HIC_SRR34411203.hic.p_ctg.fa.PolcaCorrected.fa.split.reconciled.fa.scaffolds.fa

Version: 5.0.2

System information:
  OS: Linux-6.8.0-88-generic-x86_64-with-debian-trixie-sid (linux_64)
  Python version: 3.6.13
  CPUs number: 64

Started: 2025-11-27 16:51:02

Logging to /home/genomika25/studenci/artale/Project_Genomics/data/quast_results/results_2025_11_27_16_51_02/quast.log
NOTICE: Maximum number of threads is set to 16 (use --threads option to set it manually)

CWD: /home/genomika25/studenci/artale/Project_Genomics/data
Main parameters: 
  MODE: default, threads: 16, minimum contig length: 500, minimum alignment length: 65, \
  ambiguity: one, threshold for extensive misassembly size: 1000

Reference:
  /home/genomika25/studenci/artale/Project_Genomics/data/ref/GCF_016906535.1_ASM1690653v1_genomic.fna ==> GCF_016906535.1_ASM1690653v1_genomic

Contigs:
  Pre-processing...
  1  assembly/CORRECTED_Masurca_Hifiasm_HIFI_SRR34390379_HIC_SRR34411203/hifiasm_HIFI_SRR34390379_HIC_SRR34411203.hic.p_ctg.fa.PolcaCorrected.fa ==> correctred
  2  assembly/Scaffolded_CORRECTED_Masurca_Hifiasm_HIFI_SRR34390379_HIC_SRR34411203/GCF_016906535.1_ASM1690653v1_genomic.fna.hifiasm_HIFI_SRR34390379_HIC_SRR34411203.hic.p_ctg.fa.PolcaCorrected.fa.split.reconciled.fa ==> cor_scaffolded
  3  assembly/Samba_Scaffolded_CORRECTED_Masurca_Hifiasm_HIFI_SRR34390379_HIC_SRR34411203/GCF_016906535.1_ASM1690653v1_genomic.fna.hifiasm_HIFI_SRR34390379_HIC_SRR34411203.hic.p_ctg.fa.PolcaCorrected.fa.split.reconciled.fa.scaffolds.fa ==> cor_scaf_samba

2025-11-27 16:51:06
Running Basic statistics processor...
  Reference genome:
    GCF_016906535.1_ASM1690653v1_genomic.fna, length = 40703773, num fragments = 16, GC % = 47.63
  Contig files: 
    1  correctred
    2  cor_scaffolded
    3  cor_scaf_samba
  Calculating N50 and L50...
    1  correctred, N50 = 3711849, L50 = 7, Total length = 57788712, GC % = 47.57, # N's per 100 kbp =  0.00
    2  cor_scaffolded, N50 = 3711849, L50 = 7, Total length = 57745292, GC % = 47.58, # N's per 100 kbp =  0.00
    3  cor_scaf_samba, N50 = 3711849, L50 = 7, Total length = 57745292, GC % = 47.58, # N's per 100 kbp =  0.00
  Drawing Nx plot...
    saved to /home/genomika25/studenci/artale/Project_Genomics/data/quast_results/results_2025_11_27_16_51_02/basic_stats/Nx_plot.pdf
  Drawing NGx plot...
    saved to /home/genomika25/studenci/artale/Project_Genomics/data/quast_results/results_2025_11_27_16_51_02/basic_stats/NGx_plot.pdf
  Drawing cumulative plot...
    saved to /home/genomika25/studenci/artale/Project_Genomics/data/quast_results/results_2025_11_27_16_51_02/basic_stats/cumulative_plot.pdf
  Drawing GC content plot...
    saved to /home/genomika25/studenci/artale/Project_Genomics/data/quast_results/results_2025_11_27_16_51_02/basic_stats/GC_content_plot.pdf
  Drawing correctred GC content plot...
    saved to /home/genomika25/studenci/artale/Project_Genomics/data/quast_results/results_2025_11_27_16_51_02/basic_stats/correctred_GC_content_plot.pdf
  Drawing cor_scaffolded GC content plot...
    saved to /home/genomika25/studenci/artale/Project_Genomics/data/quast_results/results_2025_11_27_16_51_02/basic_stats/cor_scaffolded_GC_content_plot.pdf
  Drawing cor_scaf_samba GC content plot...
    saved to /home/genomika25/studenci/artale/Project_Genomics/data/quast_results/results_2025_11_27_16_51_02/basic_stats/cor_scaf_samba_GC_content_plot.pdf
Done.

2025-11-27 16:51:17
Running Contig analyzer...
  1  correctred
  2  cor_scaffolded
  1  Logging to files /home/genomika25/studenci/artale/Project_Genomics/data/quast_results/results_2025_11_27_16_51_02/contigs_reports/contigs_report_correctred.stdout and contigs_report_correctred.stderr...
  3  cor_scaf_samba
  1  Aligning contigs to the reference
  2  Logging to files /home/genomika25/studenci/artale/Project_Genomics/data/quast_results/results_2025_11_27_16_51_02/contigs_reports/contigs_report_cor_scaffolded.stdout and contigs_report_cor_scaffolded.stderr...
  3  Logging to files /home/genomika25/studenci/artale/Project_Genomics/data/quast_results/results_2025_11_27_16_51_02/contigs_reports/contigs_report_cor_scaf_samba.stdout and contigs_report_cor_scaf_samba.stderr...
  2  Aligning contigs to the reference
  3  Aligning contigs to the reference
  1  /home/genomika25/miniconda3/envs/quast/lib/python3.6/site-packages/quast_libs/minimap2/minimap2 \
     -c -x asm5 -B5 -O4,16 --no-long-join -r 85 -N 50 -s 65 -z 200 --mask-level 0.9 \
     --min-occ 200 -g 2500 --score-N 2 --cs -t 5 quast_results/results_2025_11_27_16_51_02/quast_corrected_input/GCF_016906535.1_ASM1690653v1_genomic.fna \
     quast_results/results_2025_11_27_16_51_02/quast_corrected_input/correctred.fa \
     > quast_results/results_2025_11_27_16_51_02/contigs_reports/minimap_output/correctred.coords_tmp \
     2>> quast_results/results_2025_11_27_16_51_02/contigs_reports/contigs_report_correctred.stderr
  2  /home/genomika25/miniconda3/envs/quast/lib/python3.6/site-packages/quast_libs/minimap2/minimap2 \
     -c -x asm5 -B5 -O4,16 --no-long-join -r 85 -N 50 -s 65 -z 200 --mask-level 0.9 \
     --min-occ 200 -g 2500 --score-N 2 --cs -t 5 quast_results/results_2025_11_27_16_51_02/quast_corrected_input/GCF_016906535.1_ASM1690653v1_genomic.fna \
     quast_results/results_2025_11_27_16_51_02/quast_corrected_input/cor_scaffolded.fa \
     > quast_results/results_2025_11_27_16_51_02/contigs_reports/minimap_output/cor_scaffolded.coords_tmp \
     2>> quast_results/results_2025_11_27_16_51_02/contigs_reports/contigs_report_cor_scaffolded.stderr
  3  /home/genomika25/miniconda3/envs/quast/lib/python3.6/site-packages/quast_libs/minimap2/minimap2 \
     -c -x asm5 -B5 -O4,16 --no-long-join -r 85 -N 50 -s 65 -z 200 --mask-level 0.9 \
     --min-occ 200 -g 2500 --score-N 2 --cs -t 5 quast_results/results_2025_11_27_16_51_02/quast_corrected_input/GCF_016906535.1_ASM1690653v1_genomic.fna \
     quast_results/results_2025_11_27_16_51_02/quast_corrected_input/cor_scaf_samba.fa \
     > quast_results/results_2025_11_27_16_51_02/contigs_reports/minimap_output/cor_scaf_samba.coords_tmp \
     2>> quast_results/results_2025_11_27_16_51_02/contigs_reports/contigs_report_cor_scaf_samba.stderr
  1  Analysis is finished.

  2  Analysis is finished.

  3  Analysis is finished.

  Creating total report...
    saved to /home/genomika25/studenci/artale/Project_Genomics/data/quast_results/results_2025_11_27_16_51_02/contigs_reports/misassemblies_report.txt, misassemblies_report.tsv, and misassemblies_report.tex
  Transposed version of total report...
    saved to /home/genomika25/studenci/artale/Project_Genomics/data/quast_results/results_2025_11_27_16_51_02/contigs_reports/transposed_report_misassemblies.txt, transposed_report_misassemblies.tsv, and transposed_report_misassemblies.tex
  Creating total report...
    saved to /home/genomika25/studenci/artale/Project_Genomics/data/quast_results/results_2025_11_27_16_51_02/contigs_reports/unaligned_report.txt, unaligned_report.tsv, and unaligned_report.tex
  Drawing misassemblies by types plot...
    saved to /home/genomika25/studenci/artale/Project_Genomics/data/quast_results/results_2025_11_27_16_51_02/contigs_reports/misassemblies_plot.pdf
  Drawing misassemblies FRCurve plot...
    saved to /home/genomika25/studenci/artale/Project_Genomics/data/quast_results/results_2025_11_27_16_51_02/contigs_reports/misassemblies_frcurve_plot.pdf
Done.

2025-11-27 16:51:25
Running NA-NGA calculation...
  1  correctred, Largest alignment = 12574, NA50 = None, LA50 = None
  2  cor_scaffolded, Largest alignment = 12574, NA50 = None, LA50 = None
  3  cor_scaf_samba, Largest alignment = 12574, NA50 = None, LA50 = None
  Drawing cumulative plot...
    saved to /home/genomika25/studenci/artale/Project_Genomics/data/quast_results/results_2025_11_27_16_51_02/aligned_stats/cumulative_plot.pdf
  Drawing NAx plot...
    saved to /home/genomika25/studenci/artale/Project_Genomics/data/quast_results/results_2025_11_27_16_51_02/aligned_stats/NAx_plot.pdf
  Drawing NGAx plot...
    saved to /home/genomika25/studenci/artale/Project_Genomics/data/quast_results/results_2025_11_27_16_51_02/aligned_stats/NGAx_plot.pdf
Done.

2025-11-27 16:51:28
Running Genome analyzer...
  NOTICE: No file with genomic features were provided. Use the --features option if you want to specify it.

  NOTICE: No file with operons were provided. Use the -O option if you want to specify it.
  1  correctred
  2  cor_scaffolded
  3  cor_scaf_samba
  1  Analysis is finished.
  2  Analysis is finished.
  3  Analysis is finished.
  Drawing Genome fraction, % histogram...
    saved to /home/genomika25/studenci/artale/Project_Genomics/data/quast_results/results_2025_11_27_16_51_02/genome_stats/genome_fraction_histogram.pdf
Done.

NOTICE: Genes are not predicted by default. Use --gene-finding or --glimmer option to enable it.

2025-11-27 16:51:37
Creating large visual summaries...
This may take a while: press Ctrl-C to skip this step..
  1 of 2: Creating Icarus viewers...
  2 of 2: Creating PDF with all tables and plots...
Done

2025-11-27 16:51:40
RESULTS:
  Text versions of total report are saved to /home/genomika25/studenci/artale/Project_Genomics/data/quast_results/results_2025_11_27_16_51_02/report.txt, report.tsv, and report.tex
  Text versions of transposed total report are saved to /home/genomika25/studenci/artale/Project_Genomics/data/quast_results/results_2025_11_27_16_51_02/transposed_report.txt, transposed_report.tsv, and transposed_report.tex
  HTML version (interactive tables and plots) is saved to /home/genomika25/studenci/artale/Project_Genomics/data/quast_results/results_2025_11_27_16_51_02/report.html
  PDF version (tables and plots) is saved to /home/genomika25/studenci/artale/Project_Genomics/data/quast_results/results_2025_11_27_16_51_02/report.pdf
  Icarus (contig browser) is saved to /home/genomika25/studenci/artale/Project_Genomics/data/quast_results/results_2025_11_27_16_51_02/icarus.html
  Log is saved to /home/genomika25/studenci/artale/Project_Genomics/data/quast_results/results_2025_11_27_16_51_02/quast.log

Finished: 2025-11-27 16:51:40
Elapsed time: 0:00:38.457327
NOTICEs: 4; WARNINGs: 0; non-fatal ERRORs: 0

Thank you for using QUAST!
